[espn] scoreboard 1993: 1 events
[espn] scoreboard 1994: 3 events
[espn] scoreboard 1995: 4 events
[espn] scoreboard 1996: 5 events
[espn] scoreboard 1997: 5 events
[espn] scoreboard 1998: 3 events
[espn] scoreboard 1999: 6 events
[espn] scoreboard 2000: 6 events
[espn] scoreboard 2001: 5 events
[espn] scoreboard 2002: 7 events
[espn] scoreboard 2003: 5 events
[espn] scoreboard 2004: 6 events
[espn] scoreboard 2005: 10 events
[espn] scoreboard 2006: 18 events
[espn] scoreboard 2007: 19 events
[espn] scoreboard 2008: 20 events
[espn] scoreboard 2009: 20 events
[espn] scoreboard 2010: 24 events
[espn] scoreboard 2011: 27 events
[espn] scoreboard 2012: 31 events
[espn] scoreboard 2013: 34 events
[espn] scoreboard 2014: 46 events
[espn] scoreboard 2015: 41 events
[espn] scoreboard 2016: 41 events
[espn] scoreboard 2017: 48 events
[espn] scoreboard 2018: 50 events
[espn] scoreboard 2019: 52 events
[espn] scoreboard 2020: 53 events
[espn] scoreboard 2021: 57 events
[espn] scoreboard 2022: 56 events
[espn] scoreboard 2023: 57 events
[espn] scoreboard 2024: 52 events
[espn] scoreboard 2025: 52 events
[espn] scoreboard 2026: 47 events
[espn] event details: 100/911
[espn] event details: 200/911
[espn] event details: 300/911
[espn] event details: 400/911
[espn] event details: 500/911
[espn] event details: 600/911
[espn] event details: 700/911
[espn] event details: 800/911
[espn] event details: 900/911
[espn] discovered 911 events, 9412 competitions, 18822 competitor-stat requests
[espn] fight-level requests: 1000/47058
[espn] fight-level requests: 2000/47058
[espn] fight-level requests: 3000/47058
[espn] fight-level requests: 4000/47058
[espn] fight-level requests: 5000/47058
[espn] fight-level requests: 6000/47058
[espn] fight-level requests: 7000/47058
[espn] fight-level requests: 8000/47058
[espn] fight-level requests: 9000/47058
[espn] fight-level requests: 10000/47058
[espn] fight-level requests: 11000/47058
[espn] fight-level requests: 12000/47058
[espn] fight-level requests: 13000/47058
[espn] fight-level requests: 14000/47058
[espn] fight-level requests: 15000/47058
[espn] fight-level requests: 16000/47058
[espn] fight-level requests: 17000/47058
[espn] fight-level requests: 18000/47058
[espn] fight-level requests: 19000/47058
[espn] fight-level requests: 20000/47058
[espn] fight-level requests: 21000/47058
[espn] fight-level requests: 22000/47058
[espn] fight-level requests: 23000/47058
[espn] fight-level requests: 24000/47058
[espn] fight-level requests: 25000/47058
[espn] fight-level requests: 26000/47058
[espn] fight-level requests: 27000/47058
[espn] fight-level requests: 28000/47058
[espn] fight-level requests: 29000/47058
[espn] fight-level requests: 30000/47058
[espn] fight-level requests: 31000/47058
[espn] fight-level requests: 32000/47058
[espn] fight-level requests: 33000/47058
[espn] fight-level requests: 34000/47058
[espn] fight-level requests: 35000/47058
[espn] fight-level requests: 36000/47058
[espn] fight-level requests: 37000/47058
[espn] fight-level requests: 38000/47058
[espn] fight-level requests: 39000/47058
[espn] fight-level requests: 40000/47058
[espn] fight-level requests: 41000/47058
[espn] fight-level requests: 42000/47058
[espn] fight-level requests: 43000/47058
[espn] fight-level requests: 44000/47058
[espn] fight-level requests: 45000/47058
[espn] fight-level requests: 46000/47058
[espn] fight-level requests: 47000/47058
[espn] complete: snapshot=20260820T123114Z; events=911; competitions=9412; requests=47058
